edges: [(1, 2), (2, 3), (2, 4), (3, 4)]



Standard model:
Set parameter Username
Set parameter LicenseID to value 2762656
Academic license - for non-commercial use only - expires 2027-01-10
Gurobi Optimizer version 13.0.0 build v13.0.0rc1 (mac64[arm] - Darwin 25.2.0 25C56)

CPU model: Apple M4
Thread count: 10 physical cores, 10 logical processors, using up to 10 threads

Optimize a model with 9 rows, 8 columns and 28 nonzeros (Min)
Model fingerprint: 0x094abf34
Model has 4 linear objective coefficients
Variable types: 0 continuous, 8 integer (8 binary)
Coefficient statistics:
  Matrix range     [1e+00, 1e+00]
  Objective range  [1e+00, 1e+00]
  Bounds range     [1e+00, 1e+00]
  RHS range        [2e+00, 2e+00]
Found heuristic solution: objective 2.0000000
Presolve time: 0.00s
Presolved: 9 rows, 8 columns, 28 nonzeros
Variable types: 0 continuous, 8 integer (8 binary)

Root relaxation: objective 0.000000e+00, 5 iterations, 0.00 seconds (0.00 work units)

    Nodes    |    Current Node    |     Objective Bounds      |     Work
 Expl Unexpl |  Obj  Depth IntInf | Incumbent    BestBd   Gap | It/Node Time

     0     0    0.00000    0    4    2.00000    0.00000   100%     -    0s

Cutting planes:
  Gomory: 1
  Mod-K: 2
  RLT: 1

Explored 1 nodes (5 simplex iterations) in 0.01 seconds (0.00 work units)
Thread count was 10 (of 10 available processors)

Solution count 1: 2 

Optimal solution found (tolerance 1.00e-04)
Best objective 2.000000000000e+00, best bound 2.000000000000e+00, gap 0.0000%
Opt.value= 2.0
partition:
[3, 4]
[1, 2]



Quadratic optimization
Gurobi Optimizer version 13.0.0 build v13.0.0rc1 (mac64[arm] - Darwin 25.2.0 25C56)

CPU model: Apple M4
Thread count: 10 physical cores, 10 logical processors, using up to 10 threads

Optimize a model with 1 rows, 4 columns and 4 nonzeros (Min)
Model fingerprint: 0x26587a66
Model has 4 linear objective coefficients
Model has 4 quadratic objective terms
Variable types: 0 continuous, 4 integer (4 binary)
Coefficient statistics:
  Matrix range     [1e+00, 1e+00]
  Objective range  [1e+00, 3e+00]
  QObjective range [4e+00, 4e+00]
  Bounds range     [1e+00, 1e+00]
  RHS range        [2e+00, 2e+00]
Found heuristic solution: objective 2.0000000
Presolve time: 0.00s
Presolved: 5 rows, 8 columns, 16 nonzeros
Variable types: 0 continuous, 8 integer (8 binary)

Root relaxation: objective 0.000000e+00, 2 iterations, 0.00 seconds (0.00 work units)

    Nodes    |    Current Node    |     Objective Bounds      |     Work
 Expl Unexpl |  Obj  Depth IntInf | Incumbent    BestBd   Gap | It/Node Time

     0     0 infeasible    0         2.00000    2.00000  0.00%     -    0s

Explored 1 nodes (2 simplex iterations) in 0.00 seconds (0.00 work units)
Thread count was 10 (of 10 available processors)

Solution count 1: 2 

Optimal solution found (tolerance 1.00e-04)
Best objective 2.000000000000e+00, best bound 2.000000000000e+00, gap 0.0000%
Opt.value= 2.0
partition:
[1, 2]
[3, 4]



Quadratic optimization - positive semidefinite
Gurobi Optimizer version 13.0.0 build v13.0.0rc1 (mac64[arm] - Darwin 25.2.0 25C56)

CPU model: Apple M4
Thread count: 10 physical cores, 10 logical processors, using up to 10 threads

Optimize a model with 1 rows, 4 columns and 4 nonzeros (Min)
Model fingerprint: 0x62252225
Model has 0 linear objective coefficients
Model has 8 quadratic objective terms
Variable types: 0 continuous, 4 integer (4 binary)
Coefficient statistics:
  Matrix range     [1e+00, 1e+00]
  Objective range  [0e+00, 0e+00]
  QObjective range [2e+00, 6e+00]
  Bounds range     [1e+00, 1e+00]
  RHS range        [2e+00, 2e+00]
Found heuristic solution: objective 2.0000000
Presolve time: 0.00s
Presolved: 5 rows, 8 columns, 16 nonzeros
Variable types: 0 continuous, 8 integer (8 binary)

Root relaxation: objective 0.000000e+00, 2 iterations, 0.00 seconds (0.00 work units)

    Nodes    |    Current Node    |     Objective Bounds      |     Work
 Expl Unexpl |  Obj  Depth IntInf | Incumbent    BestBd   Gap | It/Node Time

     0     0 infeasible    0         2.00000    2.00000  0.00%     -    0s

Explored 1 nodes (2 simplex iterations) in 0.00 seconds (0.00 work units)
Thread count was 10 (of 10 available processors)

Solution count 1: 2 

Optimal solution found (tolerance 1.00e-04)
Best objective 2.000000000000e+00, best bound 2.000000000000e+00, gap 0.0000%
Opt.value= 2.0
partition:
[1, 2]
[3, 4]



Second order cone optimization
Gurobi Optimizer version 13.0.0 build v13.0.0rc1 (mac64[arm] - Darwin 25.2.0 25C56)

CPU model: Apple M4
Thread count: 10 physical cores, 10 logical processors, using up to 10 threads

Optimize a model with 5 rows, 12 columns and 12 nonzeros (Min)
Model fingerprint: 0xc2980588
Model has 4 linear objective coefficients
Model has 8 quadratic constraints
Variable types: 8 continuous, 4 integer (4 binary)
Coefficient statistics:
  Matrix range     [1e+00, 1e+00]
  QMatrix range    [1e+00, 2e+00]
  QLMatrix range   [1e+00, 2e+00]
  Objective range  [1e+00, 1e+00]
  Bounds range     [1e+00, 1e+00]
  RHS range        [1e+00, 2e+00]
  QRHS range       [1e+00, 1e+00]
Presolve time: 0.00s
Presolved: 25 rows, 16 columns, 72 nonzeros
Variable types: 8 continuous, 8 integer (8 binary)
Found heuristic solution: objective 3.0000000
Found heuristic solution: objective 2.0000000

Root relaxation: objective 0.000000e+00, 9 iterations, 0.00 seconds (0.00 work units)

    Nodes    |    Current Node    |     Objective Bounds      |     Work
 Expl Unexpl |  Obj  Depth IntInf | Incumbent    BestBd   Gap | It/Node Time

     0     0    0.00000    0    8    2.00000    0.00000   100%     -    0s
     0     0     cutoff    0         2.00000    2.00000  0.00%     -    0s

Explored 1 nodes (13 simplex iterations) in 0.00 seconds (0.00 work units)
Thread count was 10 (of 10 available processors)

Solution count 2: 2 3 

Optimal solution found (tolerance 1.00e-04)
Best objective 2.000000000000e+00, best bound 2.000000000000e+00, gap 0.0000%
Opt.value= 2.0
partition:
[3, 4]
[1, 2]
