Set parameter Username
Set parameter LicenseID to value 2762656
Academic license - for non-commercial use only - expires 2027-01-10
Gurobi Optimizer version 13.0.0 build v13.0.0rc1 (mac64[arm] - Darwin 25.2.0 25C56)

CPU model: Apple M4
Thread count: 10 physical cores, 10 logical processors, using up to 10 threads

Optimize a model with 3 rows, 3 columns and 7 nonzeros (Min)
Model fingerprint: 0x8ff28392
Model has 3 linear objective coefficients
Variable types: 0 continuous, 3 integer (0 binary)
Coefficient statistics:
  Matrix range     [1e+00, 8e+00]
  Objective range  [1e+00, 1e+00]
  Bounds range     [0e+00, 0e+00]
  RHS range        [3e+01, 8e+01]
Presolve removed 3 rows and 3 columns
Presolve time: 0.00s
Presolve: All rows and columns removed

Explored 0 nodes (0 simplex iterations) in 0.00 seconds (0.00 work units)
Thread count was 1 (of 10 available processors)

Solution count 1: 32 

Optimal solution found (tolerance 1.00e-04)
Best objective 3.200000000000e+01, best bound 3.200000000000e+01, gap 0.0000%
Gurobi Optimizer version 13.0.0 build v13.0.0rc1 (mac64[arm] - Darwin 25.2.0 25C56)

CPU model: Apple M4
Thread count: 10 physical cores, 10 logical processors, using up to 10 threads

Optimize a model with 3 rows, 3 columns and 7 nonzeros (Min)
Model fingerprint: 0x5084edd7
Model has 3 linear objective coefficients
Variable types: 0 continuous, 3 integer (0 binary)
Coefficient statistics:
  Matrix range     [5e-01, 8e+00]
  Objective range  [1e+00, 1e+00]
  Bounds range     [0e+00, 0e+00]
  RHS range        [3e+01, 8e+01]
Presolve removed 1 rows and 1 columns
Presolve time: 0.00s

Explored 0 nodes (0 simplex iterations) in 0.00 seconds (0.00 work units)
Thread count was 1 (of 10 available processors)

Solution count 0

Model is infeasible
Best objective -, best bound -, gap -
Gurobi Optimizer version 13.0.0 build v13.0.0rc1 (mac64[arm] - Darwin 25.2.0 25C56)

CPU model: Apple M4
Thread count: 10 physical cores, 10 logical processors, using up to 10 threads

Optimize a model with 3 rows, 3 columns and 8 nonzeros (Min)
Model fingerprint: 0x60532e1f
Model has 3 linear objective coefficients
Variable types: 0 continuous, 3 integer (0 binary)
Coefficient statistics:
  Matrix range     [2e-01, 8e+00]
  Objective range  [1e+00, 1e+00]
  Bounds range     [0e+00, 0e+00]
  RHS range        [3e+01, 8e+01]
Presolve time: 0.00s

Explored 0 nodes (0 simplex iterations) in 0.00 seconds (0.00 work units)
Thread count was 1 (of 10 available processors)

Solution count 0

Model is infeasible
Best objective -, best bound -, gap -
Gurobi Optimizer version 13.0.0 build v13.0.0rc1 (mac64[arm] - Darwin 25.2.0 25C56)

CPU model: Apple M4
Thread count: 10 physical cores, 10 logical processors, using up to 10 threads

Optimize a model with 3 rows, 3 columns and 8 nonzeros (Min)
Model fingerprint: 0x68aac814
Model has 3 linear objective coefficients
Variable types: 0 continuous, 3 integer (0 binary)
Coefficient statistics:
  Matrix range     [1e-01, 8e+00]
  Objective range  [1e+00, 1e+00]
  Bounds range     [0e+00, 0e+00]
  RHS range        [3e+01, 8e+01]
Presolve removed 3 rows and 3 columns
Presolve time: 0.00s
Presolve: All rows and columns removed

Explored 0 nodes (0 simplex iterations) in 0.00 seconds (0.00 work units)
Thread count was 1 (of 10 available processors)

Solution count 2: 32 32 

Optimal solution found (tolerance 1.00e-04)
Best objective 3.200000000000e+01, best bound 3.200000000000e+01, gap 0.0000%
Gurobi Optimizer version 13.0.0 build v13.0.0rc1 (mac64[arm] - Darwin 25.2.0 25C56)

CPU model: Apple M4
Thread count: 10 physical cores, 10 logical processors, using up to 10 threads

Optimize a model with 3 rows, 3 columns and 8 nonzeros (Min)
Model fingerprint: 0x4bb69148
Model has 3 linear objective coefficients
Variable types: 0 continuous, 3 integer (0 binary)
Coefficient statistics:
  Matrix range     [2e-01, 8e+00]
  Objective range  [1e+00, 1e+00]
  Bounds range     [0e+00, 0e+00]
  RHS range        [3e+01, 8e+01]
Presolve removed 3 rows and 3 columns
Presolve time: 0.00s
Presolve: All rows and columns removed

Explored 0 nodes (0 simplex iterations) in 0.00 seconds (0.00 work units)
Thread count was 1 (of 10 available processors)

Solution count 2: 32 32 

Optimal solution found (tolerance 1.00e-04)
Best objective 3.200000000000e+01, best bound 3.200000000000e+01, gap 0.0000%
Gurobi Optimizer version 13.0.0 build v13.0.0rc1 (mac64[arm] - Darwin 25.2.0 25C56)

CPU model: Apple M4
Thread count: 10 physical cores, 10 logical processors, using up to 10 threads

Optimize a model with 3 rows, 3 columns and 8 nonzeros (Min)
Model fingerprint: 0xdfbe7663
Model has 3 linear objective coefficients
Variable types: 0 continuous, 3 integer (0 binary)
Coefficient statistics:
  Matrix range     [2e-01, 8e+00]
  Objective range  [1e+00, 1e+00]
  Bounds range     [0e+00, 0e+00]
  RHS range        [3e+01, 8e+01]
Presolve removed 2 rows and 2 columns
Presolve time: 0.00s

Explored 0 nodes (0 simplex iterations) in 0.00 seconds (0.00 work units)
Thread count was 1 (of 10 available processors)

Solution count 0

Model is infeasible
Best objective -, best bound -, gap -
Gurobi Optimizer version 13.0.0 build v13.0.0rc1 (mac64[arm] - Darwin 25.2.0 25C56)

CPU model: Apple M4
Thread count: 10 physical cores, 10 logical processors, using up to 10 threads

Optimize a model with 3 rows, 3 columns and 8 nonzeros (Min)
Model fingerprint: 0x0eaaf1b8
Model has 3 linear objective coefficients
Variable types: 0 continuous, 3 integer (0 binary)
Coefficient statistics:
  Matrix range     [2e-01, 8e+00]
  Objective range  [1e+00, 1e+00]
  Bounds range     [0e+00, 0e+00]
  RHS range        [3e+01, 8e+01]
Presolve removed 2 rows and 1 columns
Presolve time: 0.00s

Explored 0 nodes (0 simplex iterations) in 0.00 seconds (0.00 work units)
Thread count was 1 (of 10 available processors)

Solution count 0

Model is infeasible
Best objective -, best bound -, gap -
Gurobi Optimizer version 13.0.0 build v13.0.0rc1 (mac64[arm] - Darwin 25.2.0 25C56)

CPU model: Apple M4
Thread count: 10 physical cores, 10 logical processors, using up to 10 threads

Optimize a model with 3 rows, 3 columns and 8 nonzeros (Min)
Model fingerprint: 0x7f0ba1e8
Model has 3 linear objective coefficients
Variable types: 0 continuous, 3 integer (0 binary)
Coefficient statistics:
  Matrix range     [2e-01, 8e+00]
  Objective range  [1e+00, 1e+00]
  Bounds range     [0e+00, 0e+00]
  RHS range        [3e+01, 8e+01]
Presolve removed 3 rows and 3 columns
Presolve time: 0.00s
Presolve: All rows and columns removed

Explored 0 nodes (0 simplex iterations) in 0.00 seconds (0.00 work units)
Thread count was 1 (of 10 available processors)

Solution count 2: 32 32 

Optimal solution found (tolerance 1.00e-04)
Best objective 3.200000000000e+01, best bound 3.200000000000e+01, gap 0.0000%
theta: 0.40234375
(x,y,z)= 24.0 8.0 0.0
